Archive member included because of file (symbol)

c:/winavr-20100110/bin/../lib/gcc/avr/4.3.3/avr5\libgcc.a(_mulsi3.o)
                              ./Source/02-ECUA/LM35/Src/LM35.o (__mulsi3)
c:/winavr-20100110/bin/../lib/gcc/avr/4.3.3/avr5\libgcc.a(_udivmodqi4.o)
                              ./Source/02-ECUA/SSD/Src/SSD.o (__udivmodqi4)
c:/winavr-20100110/bin/../lib/gcc/avr/4.3.3/avr5\libgcc.a(_udivmodhi4.o)
                              ./Source/03-App/main.o (__udivmodhi4)
c:/winavr-20100110/bin/../lib/gcc/avr/4.3.3/avr5\libgcc.a(_udivmodsi4.o)
                              ./Source/02-ECUA/LM35/Src/LM35.o (__udivmodsi4)
c:/winavr-20100110/bin/../lib/gcc/avr/4.3.3/avr5\libgcc.a(_exit.o)
                              c:/winavr-20100110/bin/../lib/gcc/avr/4.3.3/../../../../avr/lib/avr5/crtm32.o (exit)
c:/winavr-20100110/bin/../lib/gcc/avr/4.3.3/avr5\libgcc.a(_copy_data.o)
                              ./Source/OS/src/tasks.o (__do_copy_data)
c:/winavr-20100110/bin/../lib/gcc/avr/4.3.3/avr5\libgcc.a(_clear_bss.o)
                              ./Source/OS/src/croutine.o (__do_clear_bss)
c:/winavr-20100110/bin/../lib/gcc/avr/4.3.3/avr5\libgcc.a(_fixunssfsi.o)
                              ./Source/03-App/main.o (__fixunssfsi)
c:/winavr-20100110/bin/../lib/gcc/avr/4.3.3/avr5\libgcc.a(_addsub_sf.o)
                              c:/winavr-20100110/bin/../lib/gcc/avr/4.3.3/avr5\libgcc.a(_fixunssfsi.o) (__subsf3)
c:/winavr-20100110/bin/../lib/gcc/avr/4.3.3/avr5\libgcc.a(_mul_sf.o)
                              ./Source/02-ECUA/SSD/Src/SSD.o (__mulsf3)
c:/winavr-20100110/bin/../lib/gcc/avr/4.3.3/avr5\libgcc.a(_div_sf.o)
                              ./Source/02-ECUA/LCD/Src/LCD.o (__divsf3)
c:/winavr-20100110/bin/../lib/gcc/avr/4.3.3/avr5\libgcc.a(_gt_sf.o)
                              ./Source/02-ECUA/LCD/Src/LCD.o (__gtsf2)
c:/winavr-20100110/bin/../lib/gcc/avr/4.3.3/avr5\libgcc.a(_ge_sf.o)
                              c:/winavr-20100110/bin/../lib/gcc/avr/4.3.3/avr5\libgcc.a(_fixunssfsi.o) (__gesf2)
c:/winavr-20100110/bin/../lib/gcc/avr/4.3.3/avr5\libgcc.a(_lt_sf.o)
                              ./Source/02-ECUA/LCD/Src/LCD.o (__ltsf2)
c:/winavr-20100110/bin/../lib/gcc/avr/4.3.3/avr5\libgcc.a(_sf_to_si.o)
                              c:/winavr-20100110/bin/../lib/gcc/avr/4.3.3/avr5\libgcc.a(_fixunssfsi.o) (__fixsfsi)
c:/winavr-20100110/bin/../lib/gcc/avr/4.3.3/avr5\libgcc.a(_thenan_sf.o)
                              c:/winavr-20100110/bin/../lib/gcc/avr/4.3.3/avr5\libgcc.a(_addsub_sf.o) (__thenan_sf)
c:/winavr-20100110/bin/../lib/gcc/avr/4.3.3/avr5\libgcc.a(_usi_to_sf.o)
                              ./Source/02-ECUA/SSD/Src/SSD.o (__floatunsisf)
c:/winavr-20100110/bin/../lib/gcc/avr/4.3.3/avr5\libgcc.a(_prologue.o)
                              c:/winavr-20100110/bin/../lib/gcc/avr/4.3.3/avr5\libgcc.a(_addsub_sf.o) (__prologue_saves__)
c:/winavr-20100110/bin/../lib/gcc/avr/4.3.3/avr5\libgcc.a(_epilogue.o)
                              c:/winavr-20100110/bin/../lib/gcc/avr/4.3.3/avr5\libgcc.a(_addsub_sf.o) (__epilogue_restores__)
c:/winavr-20100110/bin/../lib/gcc/avr/4.3.3/avr5\libgcc.a(_clzsi2.o)
                              c:/winavr-20100110/bin/../lib/gcc/avr/4.3.3/avr5\libgcc.a(_usi_to_sf.o) (__clzsi2)
c:/winavr-20100110/bin/../lib/gcc/avr/4.3.3/avr5\libgcc.a(_pack_sf.o)
                              c:/winavr-20100110/bin/../lib/gcc/avr/4.3.3/avr5\libgcc.a(_addsub_sf.o) (__pack_f)
c:/winavr-20100110/bin/../lib/gcc/avr/4.3.3/avr5\libgcc.a(_unpack_sf.o)
                              c:/winavr-20100110/bin/../lib/gcc/avr/4.3.3/avr5\libgcc.a(_addsub_sf.o) (__unpack_f)
c:/winavr-20100110/bin/../lib/gcc/avr/4.3.3/avr5\libgcc.a(_fpcmp_parts_sf.o)
                              c:/winavr-20100110/bin/../lib/gcc/avr/4.3.3/avr5\libgcc.a(_gt_sf.o) (__fpcmp_parts_f)
c:/winavr-20100110/bin/../lib/gcc/avr/4.3.3/avr5\libgcc.a(_clz.o)
                              c:/winavr-20100110/bin/../lib/gcc/avr/4.3.3/avr5\libgcc.a(_clzsi2.o) (__clz_tab)
c:/winavr-20100110/bin/../lib/gcc/avr/4.3.3/../../../../avr/lib/avr5\libc.a(memcpy.o)
                              ./Source/OS/src/queue.o (memcpy)
c:/winavr-20100110/bin/../lib/gcc/avr/4.3.3/../../../../avr/lib/avr5\libc.a(memset.o)
                              ./Source/OS/src/tasks.o (memset)
c:/winavr-20100110/bin/../lib/gcc/avr/4.3.3/../../../../avr/lib/avr5\libc.a(strncpy.o)
                              ./Source/OS/src/tasks.o (strncpy)
c:/winavr-20100110/bin/../lib/gcc/avr/4.3.3/../../../../avr/lib/avr5\libc.a(sprintf.o)
                              ./Source/02-ECUA/LCD/Src/LCD.o (sprintf)
c:/winavr-20100110/bin/../lib/gcc/avr/4.3.3/../../../../avr/lib/avr5\libc.a(vfprintf_std.o)
                              c:/winavr-20100110/bin/../lib/gcc/avr/4.3.3/../../../../avr/lib/avr5\libc.a(sprintf.o) (vfprintf)
c:/winavr-20100110/bin/../lib/gcc/avr/4.3.3/../../../../avr/lib/avr5\libc.a(strnlen_P.o)
                              c:/winavr-20100110/bin/../lib/gcc/avr/4.3.3/../../../../avr/lib/avr5\libc.a(vfprintf_std.o) (strnlen_P)
c:/winavr-20100110/bin/../lib/gcc/avr/4.3.3/../../../../avr/lib/avr5\libc.a(strnlen.o)
                              c:/winavr-20100110/bin/../lib/gcc/avr/4.3.3/../../../../avr/lib/avr5\libc.a(vfprintf_std.o) (strnlen)
c:/winavr-20100110/bin/../lib/gcc/avr/4.3.3/../../../../avr/lib/avr5\libc.a(fputc.o)
                              c:/winavr-20100110/bin/../lib/gcc/avr/4.3.3/../../../../avr/lib/avr5\libc.a(vfprintf_std.o) (fputc)
c:/winavr-20100110/bin/../lib/gcc/avr/4.3.3/../../../../avr/lib/avr5\libc.a(ultoa_invert.o)
                              c:/winavr-20100110/bin/../lib/gcc/avr/4.3.3/../../../../avr/lib/avr5\libc.a(vfprintf_std.o) (__ultoa_invert)

Memory Configuration

Name             Origin             Length             Attributes
text             0x00000000         0x00020000         xr
data             0x00800060         0x0000ffa0         rw !x
eeprom           0x00810000         0x00010000         rw !x
fuse             0x00820000         0x00000400         rw !x
lock             0x00830000         0x00000400         rw !x
signature        0x00840000         0x00000400         rw !x
*default*        0x00000000         0xffffffff

Linker script and memory map

LOAD c:/winavr-20100110/bin/../lib/gcc/avr/4.3.3/../../../../avr/lib/avr5/crtm32.o
LOAD ./Source/OS/src/croutine.o
LOAD ./Source/OS/src/heap_1.o
LOAD ./Source/OS/src/list.o
LOAD ./Source/OS/src/port.o
LOAD ./Source/OS/src/queue.o
LOAD ./Source/OS/src/tasks.o
LOAD ./Source/OS/src/timers.o
LOAD ./Source/03-App/main.o
LOAD ./Source/02-ECUA/SSD/Src/SSD.o
LOAD ./Source/02-ECUA/RELAY/Src/RELAY.o
LOAD ./Source/02-ECUA/LM35/Src/LM35.o
LOAD ./Source/02-ECUA/LED/Src/LED.o
LOAD ./Source/02-ECUA/LCD/Src/LCD.o
LOAD ./Source/02-ECUA/KEYPAD/Src/KEYPAD.o
LOAD ./Source/02-ECUA/BUZZER/Src/BUZZER.o
LOAD ./Source/02-ECUA/BUTTON/Src/BUTTON.o
LOAD ./Source/01-MCAL/UART/Src/UART.o
LOAD ./Source/01-MCAL/SPI/Src/SPI.o
LOAD ./Source/01-MCAL/Gint/Src/Gint.o
LOAD ./Source/01-MCAL/Exint/Src/Extint.o
LOAD ./Source/01-MCAL/EEPROM/Src/EEPROM.o
LOAD ./Source/01-MCAL/Dio/Src/Dio.o
LOAD ./Source/01-MCAL/ADC/Src/ADC.o
LOAD c:/winavr-20100110/bin/../lib/gcc/avr/4.3.3/avr5\libgcc.a
LOAD c:/winavr-20100110/bin/../lib/gcc/avr/4.3.3/../../../../avr/lib/avr5\libc.a
LOAD c:/winavr-20100110/bin/../lib/gcc/avr/4.3.3/avr5\libgcc.a

.hash
 *(.hash)

.dynsym
 *(.dynsym)

.dynstr
 *(.dynstr)

.gnu.version
 *(.gnu.version)

.gnu.version_d
 *(.gnu.version_d)

.gnu.version_r
 *(.gnu.version_r)

.rel.init
 *(.rel.init)

.rela.init
 *(.rela.init)

.rel.text
 *(.rel.text)
 *(.rel.text.*)
 *(.rel.gnu.linkonce.t*)

.rela.text
 *(.rela.text)
 *(.rela.text.*)
 *(.rela.gnu.linkonce.t*)

.rel.fini
 *(.rel.fini)

.rela.fini
 *(.rela.fini)

.rel.rodata
 *(.rel.rodata)
 *(.rel.rodata.*)
 *(.rel.gnu.linkonce.r*)

.rela.rodata
 *(.rela.rodata)
 *(.rela.rodata.*)
 *(.rela.gnu.linkonce.r*)

.rel.data
 *(.rel.data)
 *(.rel.data.*)
 *(.rel.gnu.linkonce.d*)

.rela.data
 *(.rela.data)
 *(.rela.data.*)
 *(.rela.gnu.linkonce.d*)

.rel.ctors
 *(.rel.ctors)

.rela.ctors
 *(.rela.ctors)

.rel.dtors
 *(.rel.dtors)

.rela.dtors
 *(.rela.dtors)

.rel.got
 *(.rel.got)

.rela.got
 *(.rela.got)

.rel.bss
 *(.rel.bss)

.rela.bss
 *(.rela.bss)

.rel.plt
 *(.rel.plt)

.rela.plt
 *(.rela.plt)

.text           0x00000000     0x6990
 *(.vectors)
 .vectors       0x00000000       0x54 c:/winavr-20100110/bin/../lib/gcc/avr/4.3.3/../../../../avr/lib/avr5/crtm32.o
                0x00000000                __vectors
                0x00000000                __vector_default
 *(.vectors)
 *(.progmem.gcc*)
 *(.progmem*)
                0x00000054                . = ALIGN (0x2)
                0x00000054                __trampolines_start = .
 *(.trampolines)
 .trampolines   0x00000054        0x0 linker stubs
 *(.trampolines*)
                0x00000054                __trampolines_end = .
 *(.jumptables)
 *(.jumptables*)
 *(.lowtext)
 *(.lowtext*)
                0x00000054                __ctors_start = .
 *(.ctors)
                0x00000054                __ctors_end = .
                0x00000054                __dtors_start = .
 *(.dtors)
                0x00000054                __dtors_end = .
 SORT(*)(.ctors)
 SORT(*)(.dtors)
 *(.init0)
 .init0         0x00000054        0x0 c:/winavr-20100110/bin/../lib/gcc/avr/4.3.3/../../../../avr/lib/avr5/crtm32.o
                0x00000054                __init
 *(.init0)
 *(.init1)
 *(.init1)
 *(.init2)
 .init2         0x00000054        0xc c:/winavr-20100110/bin/../lib/gcc/avr/4.3.3/../../../../avr/lib/avr5/crtm32.o
 *(.init2)
 *(.init3)
 *(.init3)
 *(.init4)
 .init4         0x00000060       0x16 c:/winavr-20100110/bin/../lib/gcc/avr/4.3.3/avr5\libgcc.a(_copy_data.o)
                0x00000060                __do_copy_data
 .init4         0x00000076       0x10 c:/winavr-20100110/bin/../lib/gcc/avr/4.3.3/avr5\libgcc.a(_clear_bss.o)
                0x00000076                __do_clear_bss
 *(.init4)
 *(.init5)
 *(.init5)
 *(.init6)
 *(.init6)
 *(.init7)
 *(.init7)
 *(.init8)
 *(.init8)
 *(.init9)
 .init9         0x00000086        0x8 c:/winavr-20100110/bin/../lib/gcc/avr/4.3.3/../../../../avr/lib/avr5/crtm32.o
 *(.init9)
 *(.text)
 .text          0x0000008e        0x4 c:/winavr-20100110/bin/../lib/gcc/avr/4.3.3/../../../../avr/lib/avr5/crtm32.o
                0x0000008e                __vector_1
                0x0000008e                __vector_12
                0x0000008e                __bad_interrupt
                0x0000008e                __vector_6
                0x0000008e                __vector_3
                0x0000008e                __vector_11
                0x0000008e                __vector_13
                0x0000008e                __vector_17
                0x0000008e                __vector_19
                0x0000008e                __vector_5
                0x0000008e                __vector_4
                0x0000008e                __vector_9
                0x0000008e                __vector_2
                0x0000008e                __vector_15
                0x0000008e                __vector_8
                0x0000008e                __vector_14
                0x0000008e                __vector_10
                0x0000008e                __vector_16
                0x0000008e                __vector_18
                0x0000008e                __vector_20
 .text          0x00000092        0x0 ./Source/OS/src/croutine.o
 .text          0x00000092        0x0 ./Source/OS/src/heap_1.o
 .text          0x00000092        0x0 ./Source/OS/src/list.o
 .text          0x00000092        0x0 ./Source/OS/src/port.o
 .text          0x00000092        0x0 ./Source/OS/src/queue.o
 .text          0x00000092        0x0 ./Source/OS/src/tasks.o
 .text          0x00000092        0x0 ./Source/OS/src/timers.o
 .text          0x00000092        0x0 ./Source/03-App/main.o
 .text          0x00000092        0x0 ./Source/02-ECUA/SSD/Src/SSD.o
 .text          0x00000092        0x0 ./Source/02-ECUA/RELAY/Src/RELAY.o
 .text          0x00000092        0x0 ./Source/02-ECUA/LM35/Src/LM35.o
 .text          0x00000092        0x0 ./Source/02-ECUA/LED/Src/LED.o
 .text          0x00000092        0x0 ./Source/02-ECUA/LCD/Src/LCD.o
 .text          0x00000092        0x0 ./Source/02-ECUA/KEYPAD/Src/KEYPAD.o
 .text          0x00000092        0x0 ./Source/02-ECUA/BUZZER/Src/BUZZER.o
 .text          0x00000092        0x0 ./Source/02-ECUA/BUTTON/Src/BUTTON.o
 .text          0x00000092        0x0 ./Source/01-MCAL/UART/Src/UART.o
 .text          0x00000092        0x0 ./Source/01-MCAL/SPI/Src/SPI.o
 .text          0x00000092        0x0 ./Source/01-MCAL/Gint/Src/Gint.o
 .text          0x00000092        0x0 ./Source/01-MCAL/Exint/Src/Extint.o
 .text          0x00000092        0x0 ./Source/01-MCAL/EEPROM/Src/EEPROM.o
 .text          0x00000092        0x0 ./Source/01-MCAL/Dio/Src/Dio.o
 .text          0x00000092        0x0 ./Source/01-MCAL/ADC/Src/ADC.o
 .text          0x00000092        0x0 c:/winavr-20100110/bin/../lib/gcc/avr/4.3.3/avr5\libgcc.a(_mulsi3.o)
 .text          0x00000092        0x0 c:/winavr-20100110/bin/../lib/gcc/avr/4.3.3/avr5\libgcc.a(_udivmodqi4.o)
 .text          0x00000092        0x0 c:/winavr-20100110/bin/../lib/gcc/avr/4.3.3/avr5\libgcc.a(_udivmodhi4.o)
 .text          0x00000092        0x0 c:/winavr-20100110/bin/../lib/gcc/avr/4.3.3/avr5\libgcc.a(_udivmodsi4.o)
 .text          0x00000092        0x0 c:/winavr-20100110/bin/../lib/gcc/avr/4.3.3/avr5\libgcc.a(_exit.o)
 .text          0x00000092        0x0 c:/winavr-20100110/bin/../lib/gcc/avr/4.3.3/avr5\libgcc.a(_copy_data.o)
 .text          0x00000092        0x0 c:/winavr-20100110/bin/../lib/gcc/avr/4.3.3/avr5\libgcc.a(_clear_bss.o)
 .text          0x00000092       0x58 c:/winavr-20100110/bin/../lib/gcc/avr/4.3.3/avr5\libgcc.a(_fixunssfsi.o)
                0x00000092                __fixunssfsi
 .text          0x000000ea      0x354 c:/winavr-20100110/bin/../lib/gcc/avr/4.3.3/avr5\libgcc.a(_addsub_sf.o)
                0x00000382                __subsf3
                0x000003e4                __addsf3
 .text          0x0000043e      0x1f4 c:/winavr-20100110/bin/../lib/gcc/avr/4.3.3/avr5\libgcc.a(_mul_sf.o)
                0x0000043e                __mulsf3
 .text          0x00000632      0x158 c:/winavr-20100110/bin/../lib/gcc/avr/4.3.3/avr5\libgcc.a(_div_sf.o)
                0x00000632                __divsf3
 .text          0x0000078a       0x60 c:/winavr-20100110/bin/../lib/gcc/avr/4.3.3/avr5\libgcc.a(_gt_sf.o)
                0x0000078a                __gtsf2
 .text          0x000007ea       0x60 c:/winavr-20100110/bin/../lib/gcc/avr/4.3.3/avr5\libgcc.a(_ge_sf.o)
                0x000007ea                __gesf2
 .text          0x0000084a       0x60 c:/winavr-20100110/bin/../lib/gcc/avr/4.3.3/avr5\libgcc.a(_lt_sf.o)
                0x0000084a                __ltsf2
 .text          0x000008aa       0xa8 c:/winavr-20100110/bin/../lib/gcc/avr/4.3.3/avr5\libgcc.a(_sf_to_si.o)
                0x000008aa                __fixsfsi
 .text          0x00000952        0x0 c:/winavr-20100110/bin/../lib/gcc/avr/4.3.3/avr5\libgcc.a(_thenan_sf.o)
 .text          0x00000952       0xf2 c:/winavr-20100110/bin/../lib/gcc/avr/4.3.3/avr5\libgcc.a(_usi_to_sf.o)
                0x00000952                __floatunsisf
 .text          0x00000a44        0x0 c:/winavr-20100110/bin/../lib/gcc/avr/4.3.3/avr5\libgcc.a(_prologue.o)
 .text          0x00000a44        0x0 c:/winavr-20100110/bin/../lib/gcc/avr/4.3.3/avr5\libgcc.a(_epilogue.o)
 .text          0x00000a44       0x9e c:/winavr-20100110/bin/../lib/gcc/avr/4.3.3/avr5\libgcc.a(_clzsi2.o)
                0x00000a44                __clzsi2
 .text          0x00000ae2      0x1aa c:/winavr-20100110/bin/../lib/gcc/avr/4.3.3/avr5\libgcc.a(_pack_sf.o)
                0x00000ae2                __pack_f
 .text          0x00000c8c       0xf0 c:/winavr-20100110/bin/../lib/gcc/avr/4.3.3/avr5\libgcc.a(_unpack_sf.o)
                0x00000c8c                __unpack_f
 .text          0x00000d7c       0xb2 c:/winavr-20100110/bin/../lib/gcc/avr/4.3.3/avr5\libgcc.a(_fpcmp_parts_sf.o)
                0x00000d7c                __fpcmp_parts_f
 .text          0x00000e2e        0x0 c:/winavr-20100110/bin/../lib/gcc/avr/4.3.3/avr5\libgcc.a(_clz.o)
 .text          0x00000e2e        0x0 c:/winavr-20100110/bin/../lib/gcc/avr/4.3.3/../../../../avr/lib/avr5\libc.a(memcpy.o)
 .text          0x00000e2e        0x0 c:/winavr-20100110/bin/../lib/gcc/avr/4.3.3/../../../../avr/lib/avr5\libc.a(memset.o)
 .text          0x00000e2e        0x0 c:/winavr-20100110/bin/../lib/gcc/avr/4.3.3/../../../../avr/lib/avr5\libc.a(strncpy.o)
 .text          0x00000e2e        0x0 c:/winavr-20100110/bin/../lib/gcc/avr/4.3.3/../../../../avr/lib/avr5\libc.a(sprintf.o)
 .text          0x00000e2e        0x0 c:/winavr-20100110/bin/../lib/gcc/avr/4.3.3/../../../../avr/lib/avr5\libc.a(vfprintf_std.o)
 .text          0x00000e2e        0x0 c:/winavr-20100110/bin/../lib/gcc/avr/4.3.3/../../../../avr/lib/avr5\libc.a(strnlen_P.o)
 .text          0x00000e2e        0x0 c:/winavr-20100110/bin/../lib/gcc/avr/4.3.3/../../../../avr/lib/avr5\libc.a(strnlen.o)
 .text          0x00000e2e        0x0 c:/winavr-20100110/bin/../lib/gcc/avr/4.3.3/../../../../avr/lib/avr5\libc.a(fputc.o)
 .text          0x00000e2e        0x0 c:/winavr-20100110/bin/../lib/gcc/avr/4.3.3/../../../../avr/lib/avr5\libc.a(ultoa_invert.o)
                0x00000e2e                . = ALIGN (0x2)
 *(.text.*)
 .text.xCoRoutineCreate
                0x00000e2e      0x128 ./Source/OS/src/croutine.o
                0x00000e2e                xCoRoutineCreate
 .text.vCoRoutineAddToDelayedList
                0x00000f56       0xc2 ./Source/OS/src/croutine.o
                0x00000f56                vCoRoutineAddToDelayedList
 .text.prvCheckPendingReadyList
                0x00001018       0x94 ./Source/OS/src/croutine.o
 .text.prvCheckDelayedList
                0x000010ac      0x15c ./Source/OS/src/croutine.o
 .text.vCoRoutineSchedule
                0x00001208       0xf4 ./Source/OS/src/croutine.o
                0x00001208                vCoRoutineSchedule
 .text.prvInitialiseCoRoutineLists
                0x000012fc       0x72 ./Source/OS/src/croutine.o
 .text.xCoRoutineRemoveFromEventList
                0x0000136e       0x70 ./Source/OS/src/croutine.o
                0x0000136e                xCoRoutineRemoveFromEventList
 .text.pvPortMalloc
                0x000013de       0x8c ./Source/OS/src/heap_1.o
                0x000013de                pvPortMalloc
 .text.vPortFree
                0x0000146a       0x18 ./Source/OS/src/heap_1.o
                0x0000146a                vPortFree
 .text.vPortInitialiseBlocks
                0x00001482       0x16 ./Source/OS/src/heap_1.o
                0x00001482                vPortInitialiseBlocks
 .text.xPortGetFreeHeapSize
                0x00001498       0x1e ./Source/OS/src/heap_1.o
                0x00001498                xPortGetFreeHeapSize
 .text.vListInitialise
                0x000014b6       0x54 ./Source/OS/src/list.o
                0x000014b6                vListInitialise
 .text.vListInitialiseItem
                0x0000150a       0x20 ./Source/OS/src/list.o
                0x0000150a                vListInitialiseItem
 .text.vListInsertEnd
                0x0000152a       0x98 ./Source/OS/src/list.o
                0x0000152a                vListInsertEnd
 .text.vListInsert
                0x000015c2       0xd8 ./Source/OS/src/list.o
                0x000015c2                vListInsert
 .text.vListRemove
                0x0000169a       0x92 ./Source/OS/src/list.o
                0x0000169a                vListRemove
 .text.pxPortInitialiseStack
                0x0000172c      0x306 ./Source/OS/src/port.o
                0x0000172c                pxPortInitialiseStack
 .text.xPortStartScheduler
                0x00001a32       0x6a ./Source/OS/src/port.o
                0x00001a32                xPortStartScheduler
 .text.vPortEndScheduler
                0x00001a9c        0xe ./Source/OS/src/port.o
                0x00001a9c                vPortEndScheduler
 .text.vPortYield
                0x00001aaa       0xb2 ./Source/OS/src/port.o
                0x00001aaa                vPortYield
 .text.vPortYieldFromTick
                0x00001b5c       0xb6 ./Source/OS/src/port.o
                0x00001b5c                vPortYieldFromTick
 .text.prvSetupTimerInterrupt
                0x00001c12       0xb8 ./Source/OS/src/port.o
 .text.__vector_7
                0x00001cca       0x54 ./Source/OS/src/port.o
                0x00001cca                __vector_7
 .text.xQueueCreate
                0x00001d1e      0x152 ./Source/OS/src/queue.o
                0x00001d1e                xQueueCreate
 .text.xQueueGenericSend
                0x00001e70      0x13c ./Source/OS/src/queue.o
                0x00001e70                xQueueGenericSend
 .text.xQueueGenericSendFromISR
                0x00001fac       0x9a ./Source/OS/src/queue.o
                0x00001fac                xQueueGenericSendFromISR
 .text.xQueueGenericReceive
                0x00002046      0x180 ./Source/OS/src/queue.o
                0x00002046                xQueueGenericReceive
 .text.xQueueReceiveFromISR
                0x000021c6       0x9e ./Source/OS/src/queue.o
                0x000021c6                xQueueReceiveFromISR
 .text.uxQueueMessagesWaiting
                0x00002264       0x30 ./Source/OS/src/queue.o
                0x00002264                uxQueueMessagesWaiting
 .text.uxQueueMessagesWaitingFromISR
                0x00002294       0x26 ./Source/OS/src/queue.o
                0x00002294                uxQueueMessagesWaitingFromISR
 .text.vQueueDelete
                0x000022ba       0x2c ./Source/OS/src/queue.o
                0x000022ba                vQueueDelete
 .text.prvCopyDataToQueue
                0x000022e6      0x12a ./Source/OS/src/queue.o
 .text.prvCopyDataFromQueue
                0x00002410       0x90 ./Source/OS/src/queue.o
 .text.prvUnlockQueue
                0x000024a0       0xa8 ./Source/OS/src/queue.o
 .text.prvIsQueueEmpty
                0x00002548       0x38 ./Source/OS/src/queue.o
 .text.xQueueIsQueueEmptyFromISR
                0x00002580       0x2e ./Source/OS/src/queue.o
                0x00002580                xQueueIsQueueEmptyFromISR
 .text.prvIsQueueFull
                0x000025ae       0x3e ./Source/OS/src/queue.o
 .text.xQueueIsQueueFullFromISR
                0x000025ec       0x34 ./Source/OS/src/queue.o
                0x000025ec                xQueueIsQueueFullFromISR
 .text.vQueueWaitForMessageRestricted
                0x00002620       0x6e ./Source/OS/src/queue.o
                0x00002620                vQueueWaitForMessageRestricted
 .text.xTaskGenericCreate
                0x0000268e      0x1da ./Source/OS/src/tasks.o
                0x0000268e                xTaskGenericCreate
 .text.vTaskDelayUntil
                0x00002868       0xe8 ./Source/OS/src/tasks.o
                0x00002868                vTaskDelayUntil
 .text.vTaskDelay
                0x00002950       0x6a ./Source/OS/src/tasks.o
                0x00002950                vTaskDelay
 .text.vTaskPrioritySet
                0x000029ba      0x15a ./Source/OS/src/tasks.o
                0x000029ba                vTaskPrioritySet
 .text.vTaskSuspend
                0x00002b14       0xce ./Source/OS/src/tasks.o
                0x00002b14                vTaskSuspend
 .text.xTaskIsTaskSuspended
                0x00002be2       0x5e ./Source/OS/src/tasks.o
                0x00002be2                xTaskIsTaskSuspended
 .text.vTaskResume
                0x00002c40       0xc8 ./Source/OS/src/tasks.o
                0x00002c40                vTaskResume
 .text.xTaskResumeFromISR
                0x00002d08       0xca ./Source/OS/src/tasks.o
                0x00002d08                xTaskResumeFromISR
 .text.vTaskStartScheduler
                0x00002dd2       0x7a ./Source/OS/src/tasks.o
                0x00002dd2                vTaskStartScheduler
 .text.vTaskEndScheduler
                0x00002e4c       0x18 ./Source/OS/src/tasks.o
                0x00002e4c                vTaskEndScheduler
 .text.vTaskSuspendAll
                0x00002e64       0x18 ./Source/OS/src/tasks.o
                0x00002e64                vTaskSuspendAll
 .text.xTaskResumeAll
                0x00002e7c      0x110 ./Source/OS/src/tasks.o
                0x00002e7c                xTaskResumeAll
 .text.xTaskGetTickCount
                0x00002f8c       0x2e ./Source/OS/src/tasks.o
                0x00002f8c                xTaskGetTickCount
 .text.xTaskGetTickCountFromISR
                0x00002fba       0x2a ./Source/OS/src/tasks.o
                0x00002fba                xTaskGetTickCountFromISR
 .text.uxTaskGetNumberOfTasks
                0x00002fe4       0x12 ./Source/OS/src/tasks.o
                0x00002fe4                uxTaskGetNumberOfTasks
 .text.vTaskIncrementTick
                0x00002ff6      0x1aa ./Source/OS/src/tasks.o
                0x00002ff6                vTaskIncrementTick
 .text.vTaskSwitchContext
                0x000031a0       0xcc ./Source/OS/src/tasks.o
                0x000031a0                vTaskSwitchContext
 .text.vTaskPlaceOnEventList
                0x0000326c       0x92 ./Source/OS/src/tasks.o
                0x0000326c                vTaskPlaceOnEventList
 .text.vTaskPlaceOnEventListRestricted
                0x000032fe       0x6c ./Source/OS/src/tasks.o
                0x000032fe                vTaskPlaceOnEventListRestricted
 .text.xTaskRemoveFromEventList
                0x0000336a       0xd0 ./Source/OS/src/tasks.o
                0x0000336a                xTaskRemoveFromEventList
 .text.vTaskSetTimeOutState
                0x0000343a       0x32 ./Source/OS/src/tasks.o
                0x0000343a                vTaskSetTimeOutState
 .text.xTaskCheckForTimeOut
                0x0000346c       0xce ./Source/OS/src/tasks.o
                0x0000346c                xTaskCheckForTimeOut
 .text.vTaskMissedYield
                0x0000353a       0x14 ./Source/OS/src/tasks.o
                0x0000353a                vTaskMissedYield
 .text.prvIdleTask
                0x0000354e       0x18 ./Source/OS/src/tasks.o
 .text.prvInitialiseTCBVariables
                0x00003566       0xae ./Source/OS/src/tasks.o
 .text.prvInitialiseTaskLists
                0x00003614       0x7a ./Source/OS/src/tasks.o
 .text.prvCheckTasksWaitingTermination
                0x0000368e        0xe ./Source/OS/src/tasks.o
 .text.prvAddCurrentTaskToDelayedList
                0x0000369c       0x92 ./Source/OS/src/tasks.o
 .text.prvAllocateTCBAndStack
                0x0000372e       0xa0 ./Source/OS/src/tasks.o
 .text.xTaskGetSchedulerState
                0x000037ce       0x32 ./Source/OS/src/tasks.o
                0x000037ce                xTaskGetSchedulerState
 .text.xTimerCreateTimerTask
                0x00003800       0x68 ./Source/OS/src/timers.o
                0x00003800                xTimerCreateTimerTask
 .text.xTimerCreate
                0x00003868       0xac ./Source/OS/src/timers.o
                0x00003868                xTimerCreate
 .text.xTimerGenericCommand
                0x00003914       0xce ./Source/OS/src/timers.o
                0x00003914                xTimerGenericCommand
 .text.prvProcessExpiredTimer
                0x000039e2       0xb6 ./Source/OS/src/timers.o
 .text.prvTimerTask
                0x00003a98       0x30 ./Source/OS/src/timers.o
 .text.prvProcessTimerOrBlockTask
                0x00003ac8       0x92 ./Source/OS/src/timers.o
 .text.prvGetNextExpireTime
                0x00003b5a       0x68 ./Source/OS/src/timers.o
 .text.prvSampleTimeNow
                0x00003bc2       0x64 ./Source/OS/src/timers.o
 .text.prvInsertTimerInActiveList
                0x00003c26       0xd0 ./Source/OS/src/timers.o
 .text.prvProcessReceivedCommands
                0x00003cf6      0x174 ./Source/OS/src/timers.o
 .text.prvSwitchTimerLists
                0x00003e6a      0x12c ./Source/OS/src/timers.o
 .text.prvCheckForValidListAndQueue
                0x00003f96       0x5c ./Source/OS/src/timers.o
 .text.xTimerIsTimerActive
                0x00003ff2       0x48 ./Source/OS/src/timers.o
                0x00003ff2                xTimerIsTimerActive
 .text.pvTimerGetTimerID
                0x0000403a       0x2e ./Source/OS/src/timers.o
                0x0000403a                pvTimerGetTimerID
 .text.task1    0x00004068       0xba ./Source/03-App/main.o
                0x00004068                task1
 .text.task2    0x00004122       0xba ./Source/03-App/main.o
                0x00004122                task2
 .text.task3    0x000041dc       0x4e ./Source/03-App/main.o
                0x000041dc                task3
 .text.task4    0x0000422a       0x6c ./Source/03-App/main.o
                0x0000422a                task4
 .text.task5    0x00004296       0xac ./Source/03-App/main.o
                0x00004296                task5
 .text.vTimerCallback
                0x00004342       0x20 ./Source/03-App/main.o
                0x00004342                vTimerCallback
 .text.main     0x00004362      0x1b6 ./Source/03-App/main.o
                0x00004362                main
 .text.SSD_vidssdInit
                0x00004518       0x4a ./Source/02-ECUA/SSD/Src/SSD.o
                0x00004518                SSD_vidssdInit
 .text.SSD_viddispNum
                0x00004562       0x88 ./Source/02-ECUA/SSD/Src/SSD.o
                0x00004562                SSD_viddispNum
 .text.SSD_vidDisableSSD
                0x000045ea       0x22 ./Source/02-ECUA/SSD/Src/SSD.o
                0x000045ea                SSD_vidDisableSSD
 .text.SSD_vidDelayDisplay
                0x0000460c       0x8a ./Source/02-ECUA/SSD/Src/SSD.o
                0x0000460c                SSD_vidDelayDisplay
 .text.RELAY_vidrelayInit
                0x00004696       0x18 ./Source/02-ECUA/RELAY/Src/RELAY.o
                0x00004696                RELAY_vidrelayInit
 .text.RELAY_vidrelayOn
                0x000046ae       0x18 ./Source/02-ECUA/RELAY/Src/RELAY.o
                0x000046ae                RELAY_vidrelayOn
 .text.RELAY_vidrelayOff
                0x000046c6       0x18 ./Source/02-ECUA/RELAY/Src/RELAY.o
                0x000046c6                RELAY_vidrelayOff
 .text.Lm35_Init
                0x000046de       0x12 ./Source/02-ECUA/LM35/Src/LM35.o
                0x000046de                Lm35_Init
 .text.H_LM35_Void_LM35Read
                0x000046f0       0x9e ./Source/02-ECUA/LM35/Src/LM35.o
                0x000046f0                H_LM35_Void_LM35Read
 .text.LED_vidledInit
                0x0000478e       0x2c ./Source/02-ECUA/LED/Src/LED.o
                0x0000478e                LED_vidledInit
 .text.LED_vidledOn
                0x000047ba       0x62 ./Source/02-ECUA/LED/Src/LED.o
                0x000047ba                LED_vidledOn
 .text.LED_vidledOff
                0x0000481c       0x62 ./Source/02-ECUA/LED/Src/LED.o
                0x0000481c                LED_vidledOff
 .text.LED_vidledToggle
                0x0000487e       0x5c ./Source/02-ECUA/LED/Src/LED.o
                0x0000487e                LED_vidledToggle
 .text.LCD_vidEnablePulse
                0x000048da      0x29a ./Source/02-ECUA/LCD/Src/LCD.o
 .text.LCD_vidInit
                0x00004b74      0x472 ./Source/02-ECUA/LCD/Src/LCD.o
                0x00004b74                LCD_vidInit
 .text.LCD_vidDisplayChar
                0x00004fe6       0x4e ./Source/02-ECUA/LCD/Src/LCD.o
                0x00004fe6                LCD_vidDisplayChar
 .text.LCD_vidDisplayWord
                0x00005034       0x38 ./Source/02-ECUA/LCD/Src/LCD.o
                0x00005034                LCD_vidDisplayWord
 .text.LCD_vidCmd
                0x0000506c       0x4e ./Source/02-ECUA/LCD/Src/LCD.o
                0x0000506c                LCD_vidCmd
 .text.LCD_vidRowColumn
                0x000050ba       0x4e ./Source/02-ECUA/LCD/Src/LCD.o
                0x000050ba                LCD_vidRowColumn
 .text.LCD_vidDisplayInt
                0x00005108       0x80 ./Source/02-ECUA/LCD/Src/LCD.o
                0x00005108                LCD_vidDisplayInt
 .text.LCD_vidDisplayFloat
                0x00005188       0x82 ./Source/02-ECUA/LCD/Src/LCD.o
                0x00005188                LCD_vidDisplayFloat
 .text.KEYPAD_vidInit
                0x0000520a       0x86 ./Source/02-ECUA/KEYPAD/Src/KEYPAD.o
                0x0000520a                KEYPAD_vidInit
 .text.KEYPAD_udtGetRow
                0x00005290       0x5c ./Source/02-ECUA/KEYPAD/Src/KEYPAD.o
                0x00005290                KEYPAD_udtGetRow
 .text.KEYPAD_udtGetColumn
                0x000052ec      0x102 ./Source/02-ECUA/KEYPAD/Src/KEYPAD.o
                0x000052ec                KEYPAD_udtGetColumn
 .text.KEYPAD_udtIsPressed
                0x000053ee       0x4c ./Source/02-ECUA/KEYPAD/Src/KEYPAD.o
                0x000053ee                KEYPAD_udtIsPressed
 .text.KEYPAD_u8GetKeyPressed
                0x0000543a       0x64 ./Source/02-ECUA/KEYPAD/Src/KEYPAD.o
                0x0000543a                KEYPAD_u8GetKeyPressed
 .text.BUZZER_vidbuzzerInit
                0x0000549e       0x18 ./Source/02-ECUA/BUZZER/Src/BUZZER.o
                0x0000549e                BUZZER_vidbuzzerInit
 .text.BUZZER_vidbuzzerOn
                0x000054b6       0x18 ./Source/02-ECUA/BUZZER/Src/BUZZER.o
                0x000054b6                BUZZER_vidbuzzerOn
 .text.BUZZER_vidbuzzerOff
                0x000054ce       0x18 ./Source/02-ECUA/BUZZER/Src/BUZZER.o
                0x000054ce                BUZZER_vidbuzzerOff
 .text.BUZZER_vidbuzzerToggle
                0x000054e6       0x16 ./Source/02-ECUA/BUZZER/Src/BUZZER.o
                0x000054e6                BUZZER_vidbuzzerToggle
 .text.BUTTON_vidbuttonInit
                0x000054fc       0x2c ./Source/02-ECUA/BUTTON/Src/BUTTON.o
                0x000054fc                BUTTON_vidbuttonInit
 .text.BUTTON_udtbuttonStatus
                0x00005528       0x88 ./Source/02-ECUA/BUTTON/Src/BUTTON.o
                0x00005528                BUTTON_udtbuttonStatus
 .text.USART_Init
                0x000055b0       0xaa ./Source/01-MCAL/UART/Src/UART.o
                0x000055b0                USART_Init
 .text.USART_TransmitChr
                0x0000565a       0x34 ./Source/01-MCAL/UART/Src/UART.o
                0x0000565a                USART_TransmitChr
 .text.USART_TransmitStr
                0x0000568e       0x38 ./Source/01-MCAL/UART/Src/UART.o
                0x0000568e                USART_TransmitStr
 .text.USART_Recieve_Block
                0x000056c6       0x1e ./Source/01-MCAL/UART/Src/UART.o
                0x000056c6                USART_Recieve_Block
 .text.USART_Recieve_NonBlock
                0x000056e4       0x30 ./Source/01-MCAL/UART/Src/UART.o
                0x000056e4                USART_Recieve_NonBlock
 .text.USART_RecieveInterruptEnable
                0x00005714       0x1c ./Source/01-MCAL/UART/Src/UART.o
                0x00005714                USART_RecieveInterruptEnable
 .text.SPI_vidMasterInit
                0x00005730       0x6a ./Source/01-MCAL/SPI/Src/SPI.o
                0x00005730                SPI_vidMasterInit
 .text.SPI_vidSlaveInit
                0x0000579a       0x52 ./Source/01-MCAL/SPI/Src/SPI.o
                0x0000579a                SPI_vidSlaveInit
 .text.SPI_MasterWrite
                0x000057ec       0x30 ./Source/01-MCAL/SPI/Src/SPI.o
                0x000057ec                SPI_MasterWrite
 .text.SPI_u8MasterRead
                0x0000581c       0x2e ./Source/01-MCAL/SPI/Src/SPI.o
                0x0000581c                SPI_u8MasterRead
 .text.SPI_u8MasterTranseve
                0x0000584a       0x2c ./Source/01-MCAL/SPI/Src/SPI.o
                0x0000584a                SPI_u8MasterTranseve
 .text.SPI_u8SlaveRead
                0x00005876       0x1e ./Source/01-MCAL/SPI/Src/SPI.o
                0x00005876                SPI_u8SlaveRead
 .text.SPI_vidSlaveWrite
                0x00005894       0x1c ./Source/01-MCAL/SPI/Src/SPI.o
                0x00005894                SPI_vidSlaveWrite
 .text.GINT_vidEnableAllInterrupt
                0x000058b0       0x1c ./Source/01-MCAL/Gint/Src/Gint.o
                0x000058b0                GINT_vidEnableAllInterrupt
 .text.GINT_vidDisableAllInterrupt
                0x000058cc       0x1c ./Source/01-MCAL/Gint/Src/Gint.o
                0x000058cc                GINT_vidDisableAllInterrupt
 .text.EXTINT_vidEnableExtInterrupt
                0x000058e8      0x228 ./Source/01-MCAL/Exint/Src/Extint.o
                0x000058e8                EXTINT_vidEnableExtInterrupt
 .text.EEPROM_vidWrite
                0x00005b10       0x6a ./Source/01-MCAL/EEPROM/Src/EEPROM.o
                0x00005b10                EEPROM_vidWrite
 .text.EEPROM_u8Read
                0x00005b7a       0x54 ./Source/01-MCAL/EEPROM/Src/EEPROM.o
                0x00005b7a                EEPROM_u8Read
 .text.Dio_vidconfigChannel
                0x00005bce      0x1c6 ./Source/01-MCAL/Dio/Src/Dio.o
                0x00005bce                Dio_vidconfigChannel
 .text.Dio_vidwriteChannel
                0x00005d94      0x1c6 ./Source/01-MCAL/Dio/Src/Dio.o
                0x00005d94                Dio_vidwriteChannel
 .text.Dio_udtreadChannel
                0x00005f5a      0x128 ./Source/01-MCAL/Dio/Src/Dio.o
                0x00005f5a                Dio_udtreadChannel
 .text.Dio_vidflipChannel
                0x00006082       0xfa ./Source/01-MCAL/Dio/Src/Dio.o
                0x00006082                Dio_vidflipChannel
 .text.Dio_vidwriteChannelGroup
                0x0000617c       0xb8 ./Source/01-MCAL/Dio/Src/Dio.o
                0x0000617c                Dio_vidwriteChannelGroup
 .text.ADC_Init
                0x00006234       0x24 ./Source/01-MCAL/ADC/Src/ADC.o
                0x00006234                ADC_Init
 .text.ADC_Read
                0x00006258       0x84 ./Source/01-MCAL/ADC/Src/ADC.o
                0x00006258                ADC_Read
 .text.libgcc   0x000062dc       0x3e c:/winavr-20100110/bin/../lib/gcc/avr/4.3.3/avr5\libgcc.a(_mulsi3.o)
                0x000062dc                __mulsi3
 .text.libgcc   0x0000631a       0x18 c:/winavr-20100110/bin/../lib/gcc/avr/4.3.3/avr5\libgcc.a(_udivmodqi4.o)
                0x0000631a                __udivmodqi4
 .text.libgcc   0x00006332       0x28 c:/winavr-20100110/bin/../lib/gcc/avr/4.3.3/avr5\libgcc.a(_udivmodhi4.o)
                0x00006332                __udivmodhi4
 .text.libgcc   0x0000635a       0x44 c:/winavr-20100110/bin/../lib/gcc/avr/4.3.3/avr5\libgcc.a(_udivmodsi4.o)
                0x0000635a                __udivmodsi4
 .text.libgcc   0x0000639e        0x0 c:/winavr-20100110/bin/../lib/gcc/avr/4.3.3/avr5\libgcc.a(_exit.o)
 .text.libgcc   0x0000639e        0x0 c:/winavr-20100110/bin/../lib/gcc/avr/4.3.3/avr5\libgcc.a(_copy_data.o)
 .text.libgcc   0x0000639e        0x0 c:/winavr-20100110/bin/../lib/gcc/avr/4.3.3/avr5\libgcc.a(_clear_bss.o)
 .text.libgcc   0x0000639e       0x38 c:/winavr-20100110/bin/../lib/gcc/avr/4.3.3/avr5\libgcc.a(_prologue.o)
                0x0000639e                __prologue_saves__
 .text.libgcc   0x000063d6       0x36 c:/winavr-20100110/bin/../lib/gcc/avr/4.3.3/avr5\libgcc.a(_epilogue.o)
                0x000063d6                __epilogue_restores__
 .text.avr-libc
                0x0000640c       0x12 c:/winavr-20100110/bin/../lib/gcc/avr/4.3.3/../../../../avr/lib/avr5\libc.a(memcpy.o)
                0x0000640c                memcpy
 .text.avr-libc
                0x0000641e        0xe c:/winavr-20100110/bin/../lib/gcc/avr/4.3.3/../../../../avr/lib/avr5\libc.a(memset.o)
                0x0000641e                memset
 .text.avr-libc
                0x0000642c       0x1e c:/winavr-20100110/bin/../lib/gcc/avr/4.3.3/../../../../avr/lib/avr5\libc.a(strncpy.o)
                0x0000642c                strncpy
 .text.avr-libc
                0x0000644a       0x48 c:/winavr-20100110/bin/../lib/gcc/avr/4.3.3/../../../../avr/lib/avr5\libc.a(sprintf.o)
                0x0000644a                sprintf
 .text.avr-libc
                0x00006492      0x3ba c:/winavr-20100110/bin/../lib/gcc/avr/4.3.3/../../../../avr/lib/avr5\libc.a(vfprintf_std.o)
                0x00006492                vfprintf
 .text.avr-libc
                0x0000684c       0x16 c:/winavr-20100110/bin/../lib/gcc/avr/4.3.3/../../../../avr/lib/avr5\libc.a(strnlen_P.o)
                0x0000684c                strnlen_P
 .text.avr-libc
                0x00006862       0x16 c:/winavr-20100110/bin/../lib/gcc/avr/4.3.3/../../../../avr/lib/avr5\libc.a(strnlen.o)
                0x00006862                strnlen
 .text.avr-libc
                0x00006878       0x58 c:/winavr-20100110/bin/../lib/gcc/avr/4.3.3/../../../../avr/lib/avr5\libc.a(fputc.o)
                0x00006878                fputc
 .text.avr-libc
                0x000068d0       0xbc c:/winavr-20100110/bin/../lib/gcc/avr/4.3.3/../../../../avr/lib/avr5\libc.a(ultoa_invert.o)
                0x000068d0                __ultoa_invert
                0x0000698c                . = ALIGN (0x2)
 *(.fini9)
 .fini9         0x0000698c        0x0 c:/winavr-20100110/bin/../lib/gcc/avr/4.3.3/avr5\libgcc.a(_exit.o)
                0x0000698c                exit
                0x0000698c                _exit
 *(.fini9)
 *(.fini8)
 *(.fini8)
 *(.fini7)
 *(.fini7)
 *(.fini6)
 *(.fini6)
 *(.fini5)
 *(.fini5)
 *(.fini4)
 *(.fini4)
 *(.fini3)
 *(.fini3)
 *(.fini2)
 *(.fini2)
 *(.fini1)
 *(.fini1)
 *(.fini0)
 .fini0         0x0000698c        0x4 c:/winavr-20100110/bin/../lib/gcc/avr/4.3.3/avr5\libgcc.a(_exit.o)
 *(.fini0)
                0x00006990                _etext = .

.data           0x00800060      0x15c load address 0x00006990
                0x00800060                PROVIDE (__data_start, .)
 *(.data)
 .data          0x00800060        0x0 c:/winavr-20100110/bin/../lib/gcc/avr/4.3.3/../../../../avr/lib/avr5/crtm32.o
 .data          0x00800060        0x0 ./Source/OS/src/croutine.o
 .data          0x00800060        0x0 ./Source/OS/src/heap_1.o
 .data          0x00800060        0x0 ./Source/OS/src/list.o
 .data          0x00800060        0x0 ./Source/OS/src/port.o
 .data          0x00800060        0x0 ./Source/OS/src/queue.o
 .data          0x00800060        0x5 ./Source/OS/src/tasks.o
 .data          0x00800065        0x8 ./Source/OS/src/timers.o
 .data          0x0080006d       0x24 ./Source/03-App/main.o
 .data          0x00800091        0x0 ./Source/02-ECUA/SSD/Src/SSD.o
 .data          0x00800091        0x0 ./Source/02-ECUA/RELAY/Src/RELAY.o
 .data          0x00800091        0x0 ./Source/02-ECUA/LM35/Src/LM35.o
 .data          0x00800091        0x0 ./Source/02-ECUA/LED/Src/LED.o
 .data          0x00800091        0x6 ./Source/02-ECUA/LCD/Src/LCD.o
 .data          0x00800097        0x0 ./Source/02-ECUA/KEYPAD/Src/KEYPAD.o
 .data          0x00800097        0x0 ./Source/02-ECUA/BUZZER/Src/BUZZER.o
 .data          0x00800097        0x0 ./Source/02-ECUA/BUTTON/Src/BUTTON.o
 .data          0x00800097        0x0 ./Source/01-MCAL/UART/Src/UART.o
 .data          0x00800097        0x0 ./Source/01-MCAL/SPI/Src/SPI.o
 .data          0x00800097        0x0 ./Source/01-MCAL/Gint/Src/Gint.o
 .data          0x00800097        0x0 ./Source/01-MCAL/Exint/Src/Extint.o
 .data          0x00800097        0x0 ./Source/01-MCAL/EEPROM/Src/EEPROM.o
 .data          0x00800097        0x0 ./Source/01-MCAL/Dio/Src/Dio.o
 .data          0x00800097        0x0 ./Source/01-MCAL/ADC/Src/ADC.o
 .data          0x00800097        0x0 c:/winavr-20100110/bin/../lib/gcc/avr/4.3.3/avr5\libgcc.a(_mulsi3.o)
 .data          0x00800097        0x0 c:/winavr-20100110/bin/../lib/gcc/avr/4.3.3/avr5\libgcc.a(_udivmodqi4.o)
 .data          0x00800097        0x0 c:/winavr-20100110/bin/../lib/gcc/avr/4.3.3/avr5\libgcc.a(_udivmodhi4.o)
 .data          0x00800097        0x0 c:/winavr-20100110/bin/../lib/gcc/avr/4.3.3/avr5\libgcc.a(_udivmodsi4.o)
 .data          0x00800097        0x0 c:/winavr-20100110/bin/../lib/gcc/avr/4.3.3/avr5\libgcc.a(_exit.o)
 .data          0x00800097        0x0 c:/winavr-20100110/bin/../lib/gcc/avr/4.3.3/avr5\libgcc.a(_copy_data.o)
 .data          0x00800097        0x0 c:/winavr-20100110/bin/../lib/gcc/avr/4.3.3/avr5\libgcc.a(_clear_bss.o)
 .data          0x00800097        0x0 c:/winavr-20100110/bin/../lib/gcc/avr/4.3.3/avr5\libgcc.a(_fixunssfsi.o)
 .data          0x00800097        0x0 c:/winavr-20100110/bin/../lib/gcc/avr/4.3.3/avr5\libgcc.a(_addsub_sf.o)
 .data          0x00800097        0x0 c:/winavr-20100110/bin/../lib/gcc/avr/4.3.3/avr5\libgcc.a(_mul_sf.o)
 .data          0x00800097        0x0 c:/winavr-20100110/bin/../lib/gcc/avr/4.3.3/avr5\libgcc.a(_div_sf.o)
 .data          0x00800097        0x0 c:/winavr-20100110/bin/../lib/gcc/avr/4.3.3/avr5\libgcc.a(_gt_sf.o)
 .data          0x00800097        0x0 c:/winavr-20100110/bin/../lib/gcc/avr/4.3.3/avr5\libgcc.a(_ge_sf.o)
 .data          0x00800097        0x0 c:/winavr-20100110/bin/../lib/gcc/avr/4.3.3/avr5\libgcc.a(_lt_sf.o)
 .data          0x00800097        0x0 c:/winavr-20100110/bin/../lib/gcc/avr/4.3.3/avr5\libgcc.a(_sf_to_si.o)
 .data          0x00800097        0x8 c:/winavr-20100110/bin/../lib/gcc/avr/4.3.3/avr5\libgcc.a(_thenan_sf.o)
                0x00800097                __thenan_sf
 .data          0x0080009f        0x0 c:/winavr-20100110/bin/../lib/gcc/avr/4.3.3/avr5\libgcc.a(_usi_to_sf.o)
 .data          0x0080009f        0x0 c:/winavr-20100110/bin/../lib/gcc/avr/4.3.3/avr5\libgcc.a(_prologue.o)
 .data          0x0080009f        0x0 c:/winavr-20100110/bin/../lib/gcc/avr/4.3.3/avr5\libgcc.a(_epilogue.o)
 .data          0x0080009f        0x0 c:/winavr-20100110/bin/../lib/gcc/avr/4.3.3/avr5\libgcc.a(_clzsi2.o)
 .data          0x0080009f        0x0 c:/winavr-20100110/bin/../lib/gcc/avr/4.3.3/avr5\libgcc.a(_pack_sf.o)
 .data          0x0080009f        0x0 c:/winavr-20100110/bin/../lib/gcc/avr/4.3.3/avr5\libgcc.a(_unpack_sf.o)
 .data          0x0080009f        0x0 c:/winavr-20100110/bin/../lib/gcc/avr/4.3.3/avr5\libgcc.a(_fpcmp_parts_sf.o)
 .data          0x0080009f      0x100 c:/winavr-20100110/bin/../lib/gcc/avr/4.3.3/avr5\libgcc.a(_clz.o)
                0x0080009f                __clz_tab
 .data          0x0080019f        0x0 c:/winavr-20100110/bin/../lib/gcc/avr/4.3.3/../../../../avr/lib/avr5\libc.a(memcpy.o)
 .data          0x0080019f        0x0 c:/winavr-20100110/bin/../lib/gcc/avr/4.3.3/../../../../avr/lib/avr5\libc.a(memset.o)
 .data          0x0080019f        0x0 c:/winavr-20100110/bin/../lib/gcc/avr/4.3.3/../../../../avr/lib/avr5\libc.a(strncpy.o)
 .data          0x0080019f        0x0 c:/winavr-20100110/bin/../lib/gcc/avr/4.3.3/../../../../avr/lib/avr5\libc.a(sprintf.o)
 .data          0x0080019f        0x0 c:/winavr-20100110/bin/../lib/gcc/avr/4.3.3/../../../../avr/lib/avr5\libc.a(vfprintf_std.o)
 .data          0x0080019f        0x0 c:/winavr-20100110/bin/../lib/gcc/avr/4.3.3/../../../../avr/lib/avr5\libc.a(strnlen_P.o)
 .data          0x0080019f        0x0 c:/winavr-20100110/bin/../lib/gcc/avr/4.3.3/../../../../avr/lib/avr5\libc.a(strnlen.o)
 .data          0x0080019f        0x0 c:/winavr-20100110/bin/../lib/gcc/avr/4.3.3/../../../../avr/lib/avr5\libc.a(fputc.o)
 .data          0x0080019f        0x0 c:/winavr-20100110/bin/../lib/gcc/avr/4.3.3/../../../../avr/lib/avr5\libc.a(ultoa_invert.o)
 *(.data*)
 .data.xNextTaskUnblockTime
                0x0080019f        0x2 ./Source/OS/src/tasks.o
 .data.num      0x008001a1        0x2 ./Source/03-App/main.o
                0x008001a1                num
 .data.Keypad_Layout
                0x008001a3       0x10 ./Source/02-ECUA/KEYPAD/Src/KEYPAD.o
                0x008001a3                Keypad_Layout
 *(.rodata)
 *(.rodata*)
 .rodata.C.0.1528
                0x008001b3        0x8 ./Source/02-ECUA/LCD/Src/LCD.o
 *(.gnu.linkonce.d*)
                0x008001bc                . = ALIGN (0x2)
 *fill*         0x008001bb        0x1 00
                0x008001bc                _edata = .
                0x008001bc                PROVIDE (__data_end, .)

.bss            0x008001bc      0x578
                0x008001bc                PROVIDE (__bss_start, .)
 *(.bss)
 .bss           0x008001bc        0x0 c:/winavr-20100110/bin/../lib/gcc/avr/4.3.3/../../../../avr/lib/avr5/crtm32.o
 .bss           0x008001bc        0x0 ./Source/OS/src/croutine.o
 .bss           0x008001bc        0x0 ./Source/OS/src/heap_1.o
 .bss           0x008001bc        0x0 ./Source/OS/src/list.o
 .bss           0x008001bc        0x0 ./Source/OS/src/port.o
 .bss           0x008001bc        0x0 ./Source/OS/src/queue.o
 .bss           0x008001bc        0x0 ./Source/OS/src/tasks.o
 .bss           0x008001bc        0x0 ./Source/OS/src/timers.o
 .bss           0x008001bc        0x0 ./Source/03-App/main.o
 .bss           0x008001bc        0x0 ./Source/02-ECUA/SSD/Src/SSD.o
 .bss           0x008001bc        0x0 ./Source/02-ECUA/RELAY/Src/RELAY.o
 .bss           0x008001bc        0x0 ./Source/02-ECUA/LM35/Src/LM35.o
 .bss           0x008001bc        0x0 ./Source/02-ECUA/LED/Src/LED.o
 .bss           0x008001bc        0x0 ./Source/02-ECUA/LCD/Src/LCD.o
 .bss           0x008001bc        0x0 ./Source/02-ECUA/KEYPAD/Src/KEYPAD.o
 .bss           0x008001bc        0x0 ./Source/02-ECUA/BUZZER/Src/BUZZER.o
 .bss           0x008001bc        0x0 ./Source/02-ECUA/BUTTON/Src/BUTTON.o
 .bss           0x008001bc        0x0 ./Source/01-MCAL/UART/Src/UART.o
 .bss           0x008001bc        0x0 ./Source/01-MCAL/SPI/Src/SPI.o
 .bss           0x008001bc        0x0 ./Source/01-MCAL/Gint/Src/Gint.o
 .bss           0x008001bc        0x0 ./Source/01-MCAL/Exint/Src/Extint.o
 .bss           0x008001bc        0x0 ./Source/01-MCAL/EEPROM/Src/EEPROM.o
 .bss           0x008001bc        0x0 ./Source/01-MCAL/Dio/Src/Dio.o
 .bss           0x008001bc        0x0 ./Source/01-MCAL/ADC/Src/ADC.o
 .bss           0x008001bc        0x0 c:/winavr-20100110/bin/../lib/gcc/avr/4.3.3/avr5\libgcc.a(_mulsi3.o)
 .bss           0x008001bc        0x0 c:/winavr-20100110/bin/../lib/gcc/avr/4.3.3/avr5\libgcc.a(_udivmodqi4.o)
 .bss           0x008001bc        0x0 c:/winavr-20100110/bin/../lib/gcc/avr/4.3.3/avr5\libgcc.a(_udivmodhi4.o)
 .bss           0x008001bc        0x0 c:/winavr-20100110/bin/../lib/gcc/avr/4.3.3/avr5\libgcc.a(_udivmodsi4.o)
 .bss           0x008001bc        0x0 c:/winavr-20100110/bin/../lib/gcc/avr/4.3.3/avr5\libgcc.a(_exit.o)
 .bss           0x008001bc        0x0 c:/winavr-20100110/bin/../lib/gcc/avr/4.3.3/avr5\libgcc.a(_copy_data.o)
 .bss           0x008001bc        0x0 c:/winavr-20100110/bin/../lib/gcc/avr/4.3.3/avr5\libgcc.a(_clear_bss.o)
 .bss           0x008001bc        0x0 c:/winavr-20100110/bin/../lib/gcc/avr/4.3.3/avr5\libgcc.a(_fixunssfsi.o)
 .bss           0x008001bc        0x0 c:/winavr-20100110/bin/../lib/gcc/avr/4.3.3/avr5\libgcc.a(_addsub_sf.o)
 .bss           0x008001bc        0x0 c:/winavr-20100110/bin/../lib/gcc/avr/4.3.3/avr5\libgcc.a(_mul_sf.o)
 .bss           0x008001bc        0x0 c:/winavr-20100110/bin/../lib/gcc/avr/4.3.3/avr5\libgcc.a(_div_sf.o)
 .bss           0x008001bc        0x0 c:/winavr-20100110/bin/../lib/gcc/avr/4.3.3/avr5\libgcc.a(_gt_sf.o)
 .bss           0x008001bc        0x0 c:/winavr-20100110/bin/../lib/gcc/avr/4.3.3/avr5\libgcc.a(_ge_sf.o)
 .bss           0x008001bc        0x0 c:/winavr-20100110/bin/../lib/gcc/avr/4.3.3/avr5\libgcc.a(_lt_sf.o)
 .bss           0x008001bc        0x0 c:/winavr-20100110/bin/../lib/gcc/avr/4.3.3/avr5\libgcc.a(_sf_to_si.o)
 .bss           0x008001bc        0x0 c:/winavr-20100110/bin/../lib/gcc/avr/4.3.3/avr5\libgcc.a(_thenan_sf.o)
 .bss           0x008001bc        0x0 c:/winavr-20100110/bin/../lib/gcc/avr/4.3.3/avr5\libgcc.a(_usi_to_sf.o)
 .bss           0x008001bc        0x0 c:/winavr-20100110/bin/../lib/gcc/avr/4.3.3/avr5\libgcc.a(_prologue.o)
 .bss           0x008001bc        0x0 c:/winavr-20100110/bin/../lib/gcc/avr/4.3.3/avr5\libgcc.a(_epilogue.o)
 .bss           0x008001bc        0x0 c:/winavr-20100110/bin/../lib/gcc/avr/4.3.3/avr5\libgcc.a(_clzsi2.o)
 .bss           0x008001bc        0x0 c:/winavr-20100110/bin/../lib/gcc/avr/4.3.3/avr5\libgcc.a(_pack_sf.o)
 .bss           0x008001bc        0x0 c:/winavr-20100110/bin/../lib/gcc/avr/4.3.3/avr5\libgcc.a(_unpack_sf.o)
 .bss           0x008001bc        0x0 c:/winavr-20100110/bin/../lib/gcc/avr/4.3.3/avr5\libgcc.a(_fpcmp_parts_sf.o)
 .bss           0x008001bc        0x0 c:/winavr-20100110/bin/../lib/gcc/avr/4.3.3/avr5\libgcc.a(_clz.o)
 .bss           0x008001bc        0x0 c:/winavr-20100110/bin/../lib/gcc/avr/4.3.3/../../../../avr/lib/avr5\libc.a(memcpy.o)
 .bss           0x008001bc        0x0 c:/winavr-20100110/bin/../lib/gcc/avr/4.3.3/../../../../avr/lib/avr5\libc.a(memset.o)
 .bss           0x008001bc        0x0 c:/winavr-20100110/bin/../lib/gcc/avr/4.3.3/../../../../avr/lib/avr5\libc.a(strncpy.o)
 .bss           0x008001bc        0x0 c:/winavr-20100110/bin/../lib/gcc/avr/4.3.3/../../../../avr/lib/avr5\libc.a(sprintf.o)
 .bss           0x008001bc        0x0 c:/winavr-20100110/bin/../lib/gcc/avr/4.3.3/../../../../avr/lib/avr5\libc.a(vfprintf_std.o)
 .bss           0x008001bc        0x0 c:/winavr-20100110/bin/../lib/gcc/avr/4.3.3/../../../../avr/lib/avr5\libc.a(strnlen_P.o)
 .bss           0x008001bc        0x0 c:/winavr-20100110/bin/../lib/gcc/avr/4.3.3/../../../../avr/lib/avr5\libc.a(strnlen.o)
 .bss           0x008001bc        0x0 c:/winavr-20100110/bin/../lib/gcc/avr/4.3.3/../../../../avr/lib/avr5\libc.a(fputc.o)
 .bss           0x008001bc        0x0 c:/winavr-20100110/bin/../lib/gcc/avr/4.3.3/../../../../avr/lib/avr5\libc.a(ultoa_invert.o)
 *(.bss*)
 .bss.pxCurrentCoRoutine
                0x008001bc        0x2 ./Source/OS/src/croutine.o
                0x008001bc                pxCurrentCoRoutine
 .bss.uxTopCoRoutineReadyPriority
                0x008001be        0x1 ./Source/OS/src/croutine.o
 .bss.xCoRoutineTickCount
                0x008001bf        0x2 ./Source/OS/src/croutine.o
 .bss.xLastTickCount
                0x008001c1        0x2 ./Source/OS/src/croutine.o
 .bss.xPassedTicks
                0x008001c3        0x2 ./Source/OS/src/croutine.o
 .bss.pxReadyCoRoutineLists
                0x008001c5       0x12 ./Source/OS/src/croutine.o
 .bss.xDelayedCoRoutineList1
                0x008001d7        0x9 ./Source/OS/src/croutine.o
 .bss.xDelayedCoRoutineList2
                0x008001e0        0x9 ./Source/OS/src/croutine.o
 .bss.pxDelayedCoRoutineList
                0x008001e9        0x2 ./Source/OS/src/croutine.o
 .bss.pxOverflowDelayedCoRoutineList
                0x008001eb        0x2 ./Source/OS/src/croutine.o
 .bss.xPendingReadyCoRoutineList
                0x008001ed        0x9 ./Source/OS/src/croutine.o
 .bss.xNextFreeByte
                0x008001f6        0x2 ./Source/OS/src/heap_1.o
 .bss.xHeap     0x008001f8      0x4b0 ./Source/OS/src/heap_1.o
 .bss.pxCurrentTCB
                0x008006a8        0x2 ./Source/OS/src/tasks.o
                0x008006a8                pxCurrentTCB
 .bss.uxCurrentNumberOfTasks
                0x008006aa        0x1 ./Source/OS/src/tasks.o
 .bss.xTickCount
                0x008006ab        0x2 ./Source/OS/src/tasks.o
 .bss.uxTopUsedPriority
                0x008006ad        0x1 ./Source/OS/src/tasks.o
 .bss.uxTopReadyPriority
                0x008006ae        0x1 ./Source/OS/src/tasks.o
 .bss.xSchedulerRunning
                0x008006af        0x1 ./Source/OS/src/tasks.o
 .bss.uxSchedulerSuspended
                0x008006b0        0x1 ./Source/OS/src/tasks.o
 .bss.uxMissedTicks
                0x008006b1        0x1 ./Source/OS/src/tasks.o
 .bss.xMissedYield
                0x008006b2        0x1 ./Source/OS/src/tasks.o
 .bss.xNumOfOverflows
                0x008006b3        0x1 ./Source/OS/src/tasks.o
 .bss.uxTaskNumber
                0x008006b4        0x1 ./Source/OS/src/tasks.o
 .bss.pxReadyTasksLists
                0x008006b5       0x2d ./Source/OS/src/tasks.o
 .bss.xDelayedTaskList1
                0x008006e2        0x9 ./Source/OS/src/tasks.o
 .bss.xDelayedTaskList2
                0x008006eb        0x9 ./Source/OS/src/tasks.o
 .bss.pxDelayedTaskList
                0x008006f4        0x2 ./Source/OS/src/tasks.o
 .bss.pxOverflowDelayedTaskList
                0x008006f6        0x2 ./Source/OS/src/tasks.o
 .bss.xPendingReadyList
                0x008006f8        0x9 ./Source/OS/src/tasks.o
 .bss.xSuspendedTaskList
                0x00800701        0x9 ./Source/OS/src/tasks.o
 .bss.xTimerQueue
                0x0080070a        0x2 ./Source/OS/src/timers.o
 .bss.xLastTime.1637
                0x0080070c        0x2 ./Source/OS/src/timers.o
 .bss.xActiveTimerList1
                0x0080070e        0x9 ./Source/OS/src/timers.o
 .bss.xActiveTimerList2
                0x00800717        0x9 ./Source/OS/src/timers.o
 .bss.pxCurrentTimerList
                0x00800720        0x2 ./Source/OS/src/timers.o
 .bss.pxOverflowTimerList
                0x00800722        0x2 ./Source/OS/src/timers.o
 .bss.task1handler
                0x00800724        0x2 ./Source/03-App/main.o
                0x00800724                task1handler
 .bss.task2handler
                0x00800726        0x2 ./Source/03-App/main.o
                0x00800726                task2handler
 .bss.task3handler
                0x00800728        0x2 ./Source/03-App/main.o
                0x00800728                task3handler
 .bss.task4handler
                0x0080072a        0x2 ./Source/03-App/main.o
                0x0080072a                task4handler
 .bss.task5handler
                0x0080072c        0x2 ./Source/03-App/main.o
                0x0080072c                task5handler
 .bss.timer1handler
                0x0080072e        0x2 ./Source/03-App/main.o
                0x0080072e                timer1handler
 .bss.mode      0x00800730        0x2 ./Source/03-App/main.o
                0x00800730                mode
 .bss.avgTemp   0x00800732        0x2 ./Source/03-App/main.o
                0x00800732                avgTemp
 *(COMMON)
                0x00800734                PROVIDE (__bss_end, .)
                0x00006990                __data_load_start = LOADADDR (.data)
                0x00006aec                __data_load_end = (__data_load_start + SIZEOF (.data))

.noinit         0x00800734        0x0
                0x00800734                PROVIDE (__noinit_start, .)
 *(.noinit*)
                0x00800734                PROVIDE (__noinit_end, .)
                0x00800734                _end = .
                0x00800734                PROVIDE (__heap_start, .)

.eeprom         0x00810000        0x0
 *(.eeprom*)
                0x00810000                __eeprom_end = .

.fuse
 *(.fuse)
 *(.lfuse)
 *(.hfuse)
 *(.efuse)

.lock
 *(.lock*)

.signature
 *(.signature*)

.stab           0x00000000     0x89b8
 *(.stab)
 .stab          0x00000000      0xb40 ./Source/OS/src/croutine.o
 .stab          0x00000b40      0x354 ./Source/OS/src/heap_1.o
                                0x624 (size before relaxing)
 .stab          0x00000e94      0x474 ./Source/OS/src/list.o
                                0x750 (size before relaxing)
 .stab          0x00001308      0x834 ./Source/OS/src/port.o
                                0xb64 (size before relaxing)
 .stab          0x00001b3c      0xf00 ./Source/OS/src/queue.o
                               0x123c (size before relaxing)
 .stab          0x00002a3c     0x1980 ./Source/OS/src/tasks.o
                               0x1bd8 (size before relaxing)
 .stab          0x000043bc      0xd20 ./Source/OS/src/timers.o
                               0x1020 (size before relaxing)
 .stab          0x000050dc      0x948 ./Source/03-App/main.o
                                0xc84 (size before relaxing)
 .stab          0x00005a24      0x3b4 ./Source/02-ECUA/SSD/Src/SSD.o
                                0x6fc (size before relaxing)
 .stab          0x00005dd8      0x1a4 ./Source/02-ECUA/RELAY/Src/RELAY.o
                                0x2ac (size before relaxing)
 .stab          0x00005f7c      0x1bc ./Source/02-ECUA/LM35/Src/LM35.o
                                0x27c (size before relaxing)
 .stab          0x00006138      0x27c ./Source/02-ECUA/LED/Src/LED.o
                                0x3b4 (size before relaxing)
 .stab          0x000063b4      0xa2c ./Source/02-ECUA/LCD/Src/LCD.o
                                0xd38 (size before relaxing)
 .stab          0x00006de0      0x504 ./Source/02-ECUA/KEYPAD/Src/KEYPAD.o
                                0x654 (size before relaxing)
 .stab          0x000072e4      0x1d4 ./Source/02-ECUA/BUZZER/Src/BUZZER.o
                                0x2dc (size before relaxing)
 .stab          0x000074b8      0x210 ./Source/02-ECUA/BUTTON/Src/BUTTON.o
                                0x360 (size before relaxing)
 .stab          0x000076c8      0x2dc ./Source/01-MCAL/UART/Src/UART.o
                                0x36c (size before relaxing)
 .stab          0x000079a4      0x3c0 ./Source/01-MCAL/SPI/Src/SPI.o
                                0x4c8 (size before relaxing)
 .stab          0x00007d64      0x174 ./Source/01-MCAL/Gint/Src/Gint.o
                                0x204 (size before relaxing)
 .stab          0x00007ed8      0x27c ./Source/01-MCAL/Exint/Src/Extint.o
                                0x354 (size before relaxing)
 .stab          0x00008154      0x1ec ./Source/01-MCAL/EEPROM/Src/EEPROM.o
                                0x27c (size before relaxing)
 .stab          0x00008340      0x4a4 ./Source/01-MCAL/Dio/Src/Dio.o
                                0x5ac (size before relaxing)
 .stab          0x000087e4      0x1d4 ./Source/01-MCAL/ADC/Src/ADC.o
                                0x294 (size before relaxing)

.stabstr        0x00000000     0x4c69
 *(.stabstr)
 .stabstr       0x00000000     0x4c69 ./Source/OS/src/croutine.o

.stab.excl
 *(.stab.excl)

.stab.exclstr
 *(.stab.exclstr)

.stab.index
 *(.stab.index)

.stab.indexstr
 *(.stab.indexstr)

.comment
 *(.comment)

.debug
 *(.debug)

.line
 *(.line)

.debug_srcinfo
 *(.debug_srcinfo)

.debug_sfnames
 *(.debug_sfnames)

.debug_aranges  0x00000000      0x1a0
 *(.debug_aranges)
 .debug_aranges
                0x00000000       0x20 c:/winavr-20100110/bin/../lib/gcc/avr/4.3.3/avr5\libgcc.a(_fixunssfsi.o)
 .debug_aranges
                0x00000020       0x20 c:/winavr-20100110/bin/../lib/gcc/avr/4.3.3/avr5\libgcc.a(_addsub_sf.o)
 .debug_aranges
                0x00000040       0x20 c:/winavr-20100110/bin/../lib/gcc/avr/4.3.3/avr5\libgcc.a(_mul_sf.o)
 .debug_aranges
                0x00000060       0x20 c:/winavr-20100110/bin/../lib/gcc/avr/4.3.3/avr5\libgcc.a(_div_sf.o)
 .debug_aranges
                0x00000080       0x20 c:/winavr-20100110/bin/../lib/gcc/avr/4.3.3/avr5\libgcc.a(_gt_sf.o)
 .debug_aranges
                0x000000a0       0x20 c:/winavr-20100110/bin/../lib/gcc/avr/4.3.3/avr5\libgcc.a(_ge_sf.o)
 .debug_aranges
                0x000000c0       0x20 c:/winavr-20100110/bin/../lib/gcc/avr/4.3.3/avr5\libgcc.a(_lt_sf.o)
 .debug_aranges
                0x000000e0       0x20 c:/winavr-20100110/bin/../lib/gcc/avr/4.3.3/avr5\libgcc.a(_sf_to_si.o)
 .debug_aranges
                0x00000100       0x20 c:/winavr-20100110/bin/../lib/gcc/avr/4.3.3/avr5\libgcc.a(_usi_to_sf.o)
 .debug_aranges
                0x00000120       0x20 c:/winavr-20100110/bin/../lib/gcc/avr/4.3.3/avr5\libgcc.a(_clzsi2.o)
 .debug_aranges
                0x00000140       0x20 c:/winavr-20100110/bin/../lib/gcc/avr/4.3.3/avr5\libgcc.a(_pack_sf.o)
 .debug_aranges
                0x00000160       0x20 c:/winavr-20100110/bin/../lib/gcc/avr/4.3.3/avr5\libgcc.a(_unpack_sf.o)
 .debug_aranges
                0x00000180       0x20 c:/winavr-20100110/bin/../lib/gcc/avr/4.3.3/avr5\libgcc.a(_fpcmp_parts_sf.o)

.debug_pubnames
                0x00000000      0x1f2
 *(.debug_pubnames)
 .debug_pubnames
                0x00000000       0x23 c:/winavr-20100110/bin/../lib/gcc/avr/4.3.3/avr5\libgcc.a(_fixunssfsi.o)
 .debug_pubnames
                0x00000023       0x2c c:/winavr-20100110/bin/../lib/gcc/avr/4.3.3/avr5\libgcc.a(_addsub_sf.o)
 .debug_pubnames
                0x0000004f       0x1f c:/winavr-20100110/bin/../lib/gcc/avr/4.3.3/avr5\libgcc.a(_mul_sf.o)
 .debug_pubnames
                0x0000006e       0x1f c:/winavr-20100110/bin/../lib/gcc/avr/4.3.3/avr5\libgcc.a(_div_sf.o)
 .debug_pubnames
                0x0000008d       0x1e c:/winavr-20100110/bin/../lib/gcc/avr/4.3.3/avr5\libgcc.a(_gt_sf.o)
 .debug_pubnames
                0x000000ab       0x1e c:/winavr-20100110/bin/../lib/gcc/avr/4.3.3/avr5\libgcc.a(_ge_sf.o)
 .debug_pubnames
                0x000000c9       0x1e c:/winavr-20100110/bin/../lib/gcc/avr/4.3.3/avr5\libgcc.a(_lt_sf.o)
 .debug_pubnames
                0x000000e7       0x20 c:/winavr-20100110/bin/../lib/gcc/avr/4.3.3/avr5\libgcc.a(_sf_to_si.o)
 .debug_pubnames
                0x00000107       0x22 c:/winavr-20100110/bin/../lib/gcc/avr/4.3.3/avr5\libgcc.a(_thenan_sf.o)
 .debug_pubnames
                0x00000129       0x24 c:/winavr-20100110/bin/../lib/gcc/avr/4.3.3/avr5\libgcc.a(_usi_to_sf.o)
 .debug_pubnames
                0x0000014d       0x1f c:/winavr-20100110/bin/../lib/gcc/avr/4.3.3/avr5\libgcc.a(_clzsi2.o)
 .debug_pubnames
                0x0000016c       0x1f c:/winavr-20100110/bin/../lib/gcc/avr/4.3.3/avr5\libgcc.a(_pack_sf.o)
 .debug_pubnames
                0x0000018b       0x21 c:/winavr-20100110/bin/../lib/gcc/avr/4.3.3/avr5\libgcc.a(_unpack_sf.o)
 .debug_pubnames
                0x000001ac       0x26 c:/winavr-20100110/bin/../lib/gcc/avr/4.3.3/avr5\libgcc.a(_fpcmp_parts_sf.o)
 .debug_pubnames
                0x000001d2       0x20 c:/winavr-20100110/bin/../lib/gcc/avr/4.3.3/avr5\libgcc.a(_clz.o)

.debug_info     0x00000000     0x240b
 *(.debug_info)
 .debug_info    0x00000000       0xb1 c:/winavr-20100110/bin/../lib/gcc/avr/4.3.3/avr5\libgcc.a(_fixunssfsi.o)
 .debug_info    0x000000b1      0x47a c:/winavr-20100110/bin/../lib/gcc/avr/4.3.3/avr5\libgcc.a(_addsub_sf.o)
 .debug_info    0x0000052b      0x485 c:/winavr-20100110/bin/../lib/gcc/avr/4.3.3/avr5\libgcc.a(_mul_sf.o)
 .debug_info    0x000009b0      0x3fc c:/winavr-20100110/bin/../lib/gcc/avr/4.3.3/avr5\libgcc.a(_div_sf.o)
 .debug_info    0x00000dac      0x27f c:/winavr-20100110/bin/../lib/gcc/avr/4.3.3/avr5\libgcc.a(_gt_sf.o)
 .debug_info    0x0000102b      0x27f c:/winavr-20100110/bin/../lib/gcc/avr/4.3.3/avr5\libgcc.a(_ge_sf.o)
 .debug_info    0x000012aa      0x27f c:/winavr-20100110/bin/../lib/gcc/avr/4.3.3/avr5\libgcc.a(_lt_sf.o)
 .debug_info    0x00001529      0x2b0 c:/winavr-20100110/bin/../lib/gcc/avr/4.3.3/avr5\libgcc.a(_sf_to_si.o)
 .debug_info    0x000017d9      0x12c c:/winavr-20100110/bin/../lib/gcc/avr/4.3.3/avr5\libgcc.a(_thenan_sf.o)
 .debug_info    0x00001905      0x206 c:/winavr-20100110/bin/../lib/gcc/avr/4.3.3/avr5\libgcc.a(_usi_to_sf.o)
 .debug_info    0x00001b0b      0x117 c:/winavr-20100110/bin/../lib/gcc/avr/4.3.3/avr5\libgcc.a(_clzsi2.o)
 .debug_info    0x00001c22      0x2df c:/winavr-20100110/bin/../lib/gcc/avr/4.3.3/avr5\libgcc.a(_pack_sf.o)
 .debug_info    0x00001f01      0x251 c:/winavr-20100110/bin/../lib/gcc/avr/4.3.3/avr5\libgcc.a(_unpack_sf.o)
 .debug_info    0x00002152      0x210 c:/winavr-20100110/bin/../lib/gcc/avr/4.3.3/avr5\libgcc.a(_fpcmp_parts_sf.o)
 .debug_info    0x00002362       0xa9 c:/winavr-20100110/bin/../lib/gcc/avr/4.3.3/avr5\libgcc.a(_clz.o)
 *(.gnu.linkonce.wi.*)

.debug_abbrev   0x00000000     0x1386
 *(.debug_abbrev)
 .debug_abbrev  0x00000000       0x5d c:/winavr-20100110/bin/../lib/gcc/avr/4.3.3/avr5\libgcc.a(_fixunssfsi.o)
 .debug_abbrev  0x0000005d      0x1ea c:/winavr-20100110/bin/../lib/gcc/avr/4.3.3/avr5\libgcc.a(_addsub_sf.o)
 .debug_abbrev  0x00000247      0x21b c:/winavr-20100110/bin/../lib/gcc/avr/4.3.3/avr5\libgcc.a(_mul_sf.o)
 .debug_abbrev  0x00000462      0x216 c:/winavr-20100110/bin/../lib/gcc/avr/4.3.3/avr5\libgcc.a(_div_sf.o)
 .debug_abbrev  0x00000678      0x15a c:/winavr-20100110/bin/../lib/gcc/avr/4.3.3/avr5\libgcc.a(_gt_sf.o)
 .debug_abbrev  0x000007d2      0x15a c:/winavr-20100110/bin/../lib/gcc/avr/4.3.3/avr5\libgcc.a(_ge_sf.o)
 .debug_abbrev  0x0000092c      0x15a c:/winavr-20100110/bin/../lib/gcc/avr/4.3.3/avr5\libgcc.a(_lt_sf.o)
 .debug_abbrev  0x00000a86      0x17f c:/winavr-20100110/bin/../lib/gcc/avr/4.3.3/avr5\libgcc.a(_sf_to_si.o)
 .debug_abbrev  0x00000c05       0xad c:/winavr-20100110/bin/../lib/gcc/avr/4.3.3/avr5\libgcc.a(_thenan_sf.o)
 .debug_abbrev  0x00000cb2      0x157 c:/winavr-20100110/bin/../lib/gcc/avr/4.3.3/avr5\libgcc.a(_usi_to_sf.o)
 .debug_abbrev  0x00000e09       0xc4 c:/winavr-20100110/bin/../lib/gcc/avr/4.3.3/avr5\libgcc.a(_clzsi2.o)
 .debug_abbrev  0x00000ecd      0x1c0 c:/winavr-20100110/bin/../lib/gcc/avr/4.3.3/avr5\libgcc.a(_pack_sf.o)
 .debug_abbrev  0x0000108d      0x154 c:/winavr-20100110/bin/../lib/gcc/avr/4.3.3/avr5\libgcc.a(_unpack_sf.o)
 .debug_abbrev  0x000011e1      0x13b c:/winavr-20100110/bin/../lib/gcc/avr/4.3.3/avr5\libgcc.a(_fpcmp_parts_sf.o)
 .debug_abbrev  0x0000131c       0x6a c:/winavr-20100110/bin/../lib/gcc/avr/4.3.3/avr5\libgcc.a(_clz.o)

.debug_line     0x00000000     0x11d6
 *(.debug_line)
 .debug_line    0x00000000       0xa7 c:/winavr-20100110/bin/../lib/gcc/avr/4.3.3/avr5\libgcc.a(_fixunssfsi.o)
 .debug_line    0x000000a7      0x2af c:/winavr-20100110/bin/../lib/gcc/avr/4.3.3/avr5\libgcc.a(_addsub_sf.o)
 .debug_line    0x00000356      0x239 c:/winavr-20100110/bin/../lib/gcc/avr/4.3.3/avr5\libgcc.a(_mul_sf.o)
 .debug_line    0x0000058f      0x1d5 c:/winavr-20100110/bin/../lib/gcc/avr/4.3.3/avr5\libgcc.a(_div_sf.o)
 .debug_line    0x00000764       0xd3 c:/winavr-20100110/bin/../lib/gcc/avr/4.3.3/avr5\libgcc.a(_gt_sf.o)
 .debug_line    0x00000837       0xd3 c:/winavr-20100110/bin/../lib/gcc/avr/4.3.3/avr5\libgcc.a(_ge_sf.o)
 .debug_line    0x0000090a       0xd3 c:/winavr-20100110/bin/../lib/gcc/avr/4.3.3/avr5\libgcc.a(_lt_sf.o)
 .debug_line    0x000009dd      0x109 c:/winavr-20100110/bin/../lib/gcc/avr/4.3.3/avr5\libgcc.a(_sf_to_si.o)
 .debug_line    0x00000ae6       0x90 c:/winavr-20100110/bin/../lib/gcc/avr/4.3.3/avr5\libgcc.a(_thenan_sf.o)
 .debug_line    0x00000b76      0x133 c:/winavr-20100110/bin/../lib/gcc/avr/4.3.3/avr5\libgcc.a(_usi_to_sf.o)
 .debug_line    0x00000ca9       0xa5 c:/winavr-20100110/bin/../lib/gcc/avr/4.3.3/avr5\libgcc.a(_clzsi2.o)
 .debug_line    0x00000d4e      0x18a c:/winavr-20100110/bin/../lib/gcc/avr/4.3.3/avr5\libgcc.a(_pack_sf.o)
 .debug_line    0x00000ed8      0x14b c:/winavr-20100110/bin/../lib/gcc/avr/4.3.3/avr5\libgcc.a(_unpack_sf.o)
 .debug_line    0x00001023      0x137 c:/winavr-20100110/bin/../lib/gcc/avr/4.3.3/avr5\libgcc.a(_fpcmp_parts_sf.o)
 .debug_line    0x0000115a       0x7c c:/winavr-20100110/bin/../lib/gcc/avr/4.3.3/avr5\libgcc.a(_clz.o)

.debug_frame    0x00000000      0x1c0
 *(.debug_frame)
 .debug_frame   0x00000000       0x20 c:/winavr-20100110/bin/../lib/gcc/avr/4.3.3/avr5\libgcc.a(_fixunssfsi.o)
 .debug_frame   0x00000020       0x40 c:/winavr-20100110/bin/../lib/gcc/avr/4.3.3/avr5\libgcc.a(_addsub_sf.o)
 .debug_frame   0x00000060       0x20 c:/winavr-20100110/bin/../lib/gcc/avr/4.3.3/avr5\libgcc.a(_mul_sf.o)
 .debug_frame   0x00000080       0x20 c:/winavr-20100110/bin/../lib/gcc/avr/4.3.3/avr5\libgcc.a(_div_sf.o)
 .debug_frame   0x000000a0       0x20 c:/winavr-20100110/bin/../lib/gcc/avr/4.3.3/avr5\libgcc.a(_gt_sf.o)
 .debug_frame   0x000000c0       0x20 c:/winavr-20100110/bin/../lib/gcc/avr/4.3.3/avr5\libgcc.a(_ge_sf.o)
 .debug_frame   0x000000e0       0x20 c:/winavr-20100110/bin/../lib/gcc/avr/4.3.3/avr5\libgcc.a(_lt_sf.o)
 .debug_frame   0x00000100       0x20 c:/winavr-20100110/bin/../lib/gcc/avr/4.3.3/avr5\libgcc.a(_sf_to_si.o)
 .debug_frame   0x00000120       0x20 c:/winavr-20100110/bin/../lib/gcc/avr/4.3.3/avr5\libgcc.a(_usi_to_sf.o)
 .debug_frame   0x00000140       0x20 c:/winavr-20100110/bin/../lib/gcc/avr/4.3.3/avr5\libgcc.a(_clzsi2.o)
 .debug_frame   0x00000160       0x20 c:/winavr-20100110/bin/../lib/gcc/avr/4.3.3/avr5\libgcc.a(_pack_sf.o)
 .debug_frame   0x00000180       0x20 c:/winavr-20100110/bin/../lib/gcc/avr/4.3.3/avr5\libgcc.a(_unpack_sf.o)
 .debug_frame   0x000001a0       0x20 c:/winavr-20100110/bin/../lib/gcc/avr/4.3.3/avr5\libgcc.a(_fpcmp_parts_sf.o)

.debug_str      0x00000000      0x2f6
 *(.debug_str)
 .debug_str     0x00000000       0xbf c:/winavr-20100110/bin/../lib/gcc/avr/4.3.3/avr5\libgcc.a(_fixunssfsi.o)
                                 0xfe (size before relaxing)
 .debug_str     0x000000bf      0x14d c:/winavr-20100110/bin/../lib/gcc/avr/4.3.3/avr5\libgcc.a(_addsub_sf.o)
                                0x206 (size before relaxing)
 .debug_str     0x0000020c       0x27 c:/winavr-20100110/bin/../lib/gcc/avr/4.3.3/avr5\libgcc.a(_mul_sf.o)
                                0x1bf (size before relaxing)
 .debug_str     0x00000233       0x35 c:/winavr-20100110/bin/../lib/gcc/avr/4.3.3/avr5\libgcc.a(_div_sf.o)
                                0x1c8 (size before relaxing)
 .debug_str     0x00000268        0x8 c:/winavr-20100110/bin/../lib/gcc/avr/4.3.3/avr5\libgcc.a(_gt_sf.o)
                                0x195 (size before relaxing)
 .debug_str     0x00000270        0x8 c:/winavr-20100110/bin/../lib/gcc/avr/4.3.3/avr5\libgcc.a(_ge_sf.o)
                                0x195 (size before relaxing)
 .debug_str     0x00000278        0x8 c:/winavr-20100110/bin/../lib/gcc/avr/4.3.3/avr5\libgcc.a(_lt_sf.o)
                                0x195 (size before relaxing)
 .debug_str     0x00000280        0xa c:/winavr-20100110/bin/../lib/gcc/avr/4.3.3/avr5\libgcc.a(_sf_to_si.o)
                                0x19e (size before relaxing)
 .debug_str     0x00000000      0x103 c:/winavr-20100110/bin/../lib/gcc/avr/4.3.3/avr5\libgcc.a(_thenan_sf.o)
 .debug_str     0x0000028a       0x21 c:/winavr-20100110/bin/../lib/gcc/avr/4.3.3/avr5\libgcc.a(_usi_to_sf.o)
                                0x177 (size before relaxing)
 .debug_str     0x000002ab       0x20 c:/winavr-20100110/bin/../lib/gcc/avr/4.3.3/avr5\libgcc.a(_clzsi2.o)
                                0x111 (size before relaxing)
 .debug_str     0x000002cb       0x10 c:/winavr-20100110/bin/../lib/gcc/avr/4.3.3/avr5\libgcc.a(_pack_sf.o)
                                0x19d (size before relaxing)
 .debug_str     0x000002db        0xb c:/winavr-20100110/bin/../lib/gcc/avr/4.3.3/avr5\libgcc.a(_unpack_sf.o)
                                0x17f (size before relaxing)
 .debug_str     0x000002e6       0x10 c:/winavr-20100110/bin/../lib/gcc/avr/4.3.3/avr5\libgcc.a(_fpcmp_parts_sf.o)
                                0x163 (size before relaxing)
 .debug_str     0x00000000       0xf4 c:/winavr-20100110/bin/../lib/gcc/avr/4.3.3/avr5\libgcc.a(_clz.o)

.debug_loc      0x00000000      0x96e
 *(.debug_loc)
 .debug_loc     0x00000000       0x34 c:/winavr-20100110/bin/../lib/gcc/avr/4.3.3/avr5\libgcc.a(_fixunssfsi.o)
 .debug_loc     0x00000034      0x32a c:/winavr-20100110/bin/../lib/gcc/avr/4.3.3/avr5\libgcc.a(_addsub_sf.o)
 .debug_loc     0x0000035e      0x104 c:/winavr-20100110/bin/../lib/gcc/avr/4.3.3/avr5\libgcc.a(_mul_sf.o)
 .debug_loc     0x00000462       0xc0 c:/winavr-20100110/bin/../lib/gcc/avr/4.3.3/avr5\libgcc.a(_div_sf.o)
 .debug_loc     0x00000522       0x3c c:/winavr-20100110/bin/../lib/gcc/avr/4.3.3/avr5\libgcc.a(_gt_sf.o)
 .debug_loc     0x0000055e       0x3c c:/winavr-20100110/bin/../lib/gcc/avr/4.3.3/avr5\libgcc.a(_ge_sf.o)
 .debug_loc     0x0000059a       0x3c c:/winavr-20100110/bin/../lib/gcc/avr/4.3.3/avr5\libgcc.a(_lt_sf.o)
 .debug_loc     0x000005d6       0x7e c:/winavr-20100110/bin/../lib/gcc/avr/4.3.3/avr5\libgcc.a(_sf_to_si.o)
 .debug_loc     0x00000654       0x4c c:/winavr-20100110/bin/../lib/gcc/avr/4.3.3/avr5\libgcc.a(_usi_to_sf.o)
 .debug_loc     0x000006a0       0x94 c:/winavr-20100110/bin/../lib/gcc/avr/4.3.3/avr5\libgcc.a(_clzsi2.o)
 .debug_loc     0x00000734      0x13e c:/winavr-20100110/bin/../lib/gcc/avr/4.3.3/avr5\libgcc.a(_pack_sf.o)
 .debug_loc     0x00000872       0xac c:/winavr-20100110/bin/../lib/gcc/avr/4.3.3/avr5\libgcc.a(_unpack_sf.o)
 .debug_loc     0x0000091e       0x50 c:/winavr-20100110/bin/../lib/gcc/avr/4.3.3/avr5\libgcc.a(_fpcmp_parts_sf.o)

.debug_macinfo
 *(.debug_macinfo)
OUTPUT(Blinking_LED.elf elf32-avr)
LOAD linker stubs

.debug_ranges   0x00000000       0x50
 .debug_ranges  0x00000000       0x50 c:/winavr-20100110/bin/../lib/gcc/avr/4.3.3/avr5\libgcc.a(_mul_sf.o)
